`{
  "model": "gpt-4o",
  "tools": [
    {
      "function": {
        "toolID": "testdata/TestToolRefAll/test.gpt:tool",
        "name": "tool",
        "parameters": {
          "type": "object",
          "properties": {
            "toolArg": {
              "type": "string",
              "description": "stuff"
            }
          }
        }
      }
    },
    {
      "function": {
        "toolID": "testdata/TestToolRefAll/test.gpt:agentAssistant",
        "name": "agentAssistant",
        "parameters": {
          "type": "object",
          "properties": {
            "defaultPromptParameter": {
              "type": "string",
              "description": "Prompt to send to the tool. This may be an instruction or question."
            }
          }
        }
      }
    },
    {
      "function": {
        "toolID": "testdata/TestToolRefAll/test.gpt:none",
        "name": "none",
        "parameters": {
          "type": "object",
          "properties": {
            "noneArg": {
              "type": "string",
              "description": "stuff"
            }
          }
        }
      }
    }
  ],
  "messages": [
    {
      "role": "system",
      "content": [
        {
          "text": "\nContext Body\n\nShared context\nMain tool"
        }
      ],
      "usage": {}
    }
  ]
}`
