`{
  "done": false,
  "content": "TEST RESULT CALL: 1",
  "toolID": "inline:",
  "state": {
    "continuation": {
      "state": {
        "input": "input 1",
        "completion": {
          "model": "gpt-4o",
          "internalSystemPrompt": false,
          "tools": [
            {
              "function": {
                "toolID": "sys.ls",
                "name": "ls",
                "description": "Lists the contents of a directory",
                "parameters": {
                  "type": "object",
                  "properties": {
                    "dir": {
                      "type": "string",
                      "description": "The directory to list"
                    }
                  }
                }
              }
            },
            {
              "function": {
                "toolID": "sys.read",
                "name": "read",
                "description": "Reads the contents of a file. Can only read plain text files, not binary files",
                "parameters": {
                  "type": "object",
                  "properties": {
                    "filename": {
                      "type": "string",
                      "description": "The name of the file to read"
                    }
                  }
                }
              }
            },
            {
              "function": {
                "toolID": "sys.write",
                "name": "write",
                "description": "Write the contents to a file",
                "parameters": {
                  "type": "object",
                  "properties": {
                    "content": {
                      "type": "string",
                      "description": "The content to write"
                    },
                    "filename": {
                      "type": "string",
                      "description": "The name of the file to write to"
                    }
                  }
                }
              }
            }
          ],
          "messages": [
            {
              "role": "user",
              "content": [
                {
                  "text": "input 1"
                }
              ],
              "usage": {}
            },
            {
              "role": "assistant",
              "content": [
                {
                  "text": "TEST RESULT CALL: 1"
                }
              ],
              "usage": {}
            }
          ],
          "chat": true
        }
      },
      "result": "TEST RESULT CALL: 1"
    },
    "continuationToolID": "inline:"
  }
}`
