`{
  "model": "gpt-4o",
  "tools": [
    {
      "function": {
        "toolID": "testdata/TestExport/parent.gpt:frommain",
        "name": "frommain",
        "parameters": {
          "properties": {
            "defaultPromptParameter": {
              "description": "Prompt to send to the tool. This may be an instruction or question.",
              "type": "string"
            }
          },
          "type": "object"
        }
      }
    },
    {
      "function": {
        "toolID": "testdata/TestExport/parent.gpt:parent-local",
        "name": "parentLocal",
        "parameters": {
          "properties": {
            "defaultPromptParameter": {
              "description": "Prompt to send to the tool. This may be an instruction or question.",
              "type": "string"
            }
          },
          "type": "object"
        }
      }
    },
    {
      "function": {
        "toolID": "testdata/TestExport/sub/child.gpt:transient",
        "name": "transient",
        "parameters": {
          "properties": {
            "defaultPromptParameter": {
              "description": "Prompt to send to the tool. This may be an instruction or question.",
              "type": "string"
            }
          },
          "type": "object"
        }
      }
    }
  ],
  "messages": [
    {
      "role": "system",
      "content": [
        {
          "text": "the default"
        }
      ],
      "usage": {}
    },
    {
      "role": "assistant",
      "content": [
        {
          "toolCall": {
            "index": 2,
            "id": "call_1",
            "function": {
              "name": "transient"
            }
          }
        }
      ],
      "usage": {}
    },
    {
      "role": "tool",
      "content": [
        {
          "text": "TEST RESULT CALL: 2"
        }
      ],
      "toolCall": {
        "index": 2,
        "id": "call_1",
        "function": {
          "name": "transient"
        }
      },
      "usage": {}
    }
  ]
}`
