"It appears that the contents of the GPT files are empty, so I am unable to provide a README that describes the syntax of the GPT files. If the files have contents that were not read correctly, please ensure the files are not empty and contain the expected data, then I can assist in creating the README."
