`{
  "model": "gpt-4o",
  "tools": [
    {
      "function": {
        "toolID": "testdata/TestContextSubChat/test.gpt:chatbot",
        "name": "chatbot",
        "parameters": {
          "properties": {
            "defaultPromptParameter": {
              "description": "Prompt to send to the assistant. This may be an instruction or question.",
              "type": "string"
            }
          },
          "type": "object"
        }
      }
    }
  ],
  "messages": [
    {
      "role": "system",
      "content": [
        {
          "text": "Call chatbot"
        }
      ],
      "usage": {}
    }
  ]
}`
