`{
  "done": false,
  "content": "Assistant Response 1 - from chatbot1",
  "toolID": "testdata/TestContextSubChat/test.gpt:chatbot",
  "state": {
    "inputContextContinuation": {
      "continuation": {
        "state": {
          "completion": {
            "model": "gpt-4o",
            "tools": [
              {
                "function": {
                  "toolID": "testdata/TestContextSubChat/test.gpt:chatbot",
                  "name": "chatbot",
                  "parameters": {
                    "properties": {
                      "defaultPromptParameter": {
                        "description": "Prompt to send to the assistant. This may be an instruction or question.",
                        "type": "string"
                      }
                    },
                    "type": "object"
                  }
                }
              }
            ],
            "messages": [
              {
                "role": "system",
                "content": [
                  {
                    "text": "Call chatbot"
                  }
                ],
                "usage": {}
              },
              {
                "role": "assistant",
                "content": [
                  {
                    "toolCall": {
                      "index": 0,
                      "id": "call_1",
                      "function": {
                        "name": "chatbot",
                        "arguments": "Input to chatbot1"
                      }
                    }
                  }
                ],
                "usage": {}
              }
            ]
          },
          "pending": {
            "call_1": {
              "index": 0,
              "id": "call_1",
              "function": {
                "name": "chatbot",
                "arguments": "Input to chatbot1"
              }
            }
          }
        },
        "calls": {
          "call_1": {
            "toolID": "testdata/TestContextSubChat/test.gpt:chatbot",
            "input": "Input to chatbot1"
          }
        }
      },
      "subCalls": [
        {
          "toolId": "testdata/TestContextSubChat/test.gpt:chatbot",
          "callId": "call_1",
          "state": {
            "continuation": {
              "state": {
                "input": "Input to chatbot1",
                "completion": {
                  "model": "gpt-4o",
                  "internalSystemPrompt": false,
                  "tools": [
                    {
                      "function": {
                        "toolID": "sys.chat.finish",
                        "name": "chatFinish",
                        "description": "Concludes the conversation. This can not be used to ask a question.",
                        "parameters": {
                          "properties": {
                            "return": {
                              "description": "The instructed value to return or a summary of the dialog if no value is instructed",
                              "type": "string"
                            }
                          },
                          "type": "object"
                        }
                      }
                    }
                  ],
                  "messages": [
                    {
                      "role": "system",
                      "content": [
                        {
                          "text": "This is a chatbot"
                        }
                      ],
                      "usage": {}
                    },
                    {
                      "role": "user",
                      "content": [
                        {
                          "text": "Input to chatbot1"
                        }
                      ],
                      "usage": {}
                    },
                    {
                      "role": "assistant",
                      "content": [
                        {
                          "text": "Assistant Response 1 - from chatbot1"
                        }
                      ],
                      "usage": {}
                    }
                  ],
                  "chat": true
                }
              },
              "result": "Assistant Response 1 - from chatbot1"
            },
            "continuationToolID": "testdata/TestContextSubChat/test.gpt:chatbot"
          }
        }
      ],
      "subCallID": "call_1"
    },
    "inputContextContinuationInput": "User 1",
    "startContinuation": true
  }
}`
