`{
  "done": true,
  "content": "{\"chat\":false,\"continuation\":false,\"notfoo\":\"baz\",\"output\":\"{\\\"chat\\\":false,\\\"continuation\\\":false,\\\"notfoo\\\":\\\"foo\\\",\\\"output\\\":\\\"{\\\\\\\"chat\\\\\\\":false,\\\\\\\"continuation\\\\\\\":false,\\\\\\\"foo\\\\\\\":\\\\\\\"baz\\\\\\\",\\\\\\\"input\\\\\\\":\\\\\\\"{\\\\\\\\\\\\\\\"foo\\\\\\\\\\\\\\\":\\\\\\\\\\\\\\\"baz\\\\\\\\\\\\\\\",\\\\\\\\\\\\\\\"input\\\\\\\\\\\\\\\":\\\\\\\\\\\\\\\"{\\\\\\\\\\\\\\\\\\\\\\\\\\\\\\\"foo\\\\\\\\\\\\\\\\\\\\\\\\\\\\\\\":\\\\\\\\\\\\\\\\\\\\\\\\\\\\\\\"baz\\\\\\\\\\\\\\\\\\\\\\\\\\\\\\\", \\\\\\\\\\\\\\\\\\\\\\\\\\\\\\\"start\\\\\\\\\\\\\\\\\\\\\\\\\\\\\\\": true}\\\\\\\\\\\\\\\",\\\\\\\\\\\\\\\"notfoo\\\\\\\\\\\\\\\":\\\\\\\\\\\\\\\"baz\\\\\\\\\\\\\\\",\\\\\\\\\\\\\\\"start\\\\\\\\\\\\\\\":true}\\\\\\\\n\\\\\\\",\\\\\\\"notfoo\\\\\\\":\\\\\\\"foo\\\\\\\",\\\\\\\"output\\\\\\\":\\\\\\\"baz\\\\\\\\n\\\\\\\",\\\\\\\"start\\\\\\\":true}\\\\n\\\"}\\n\"}\n",
  "toolID": "",
  "state": null
}`
