`{
  "model": "gpt-4o",
  "tools": [
    {
      "function": {
        "toolID": "testdata/TestMissingTool/test.gpt:Bob",
        "name": "Bob",
        "parameters": null
      }
    }
  ],
  "messages": [
    {
      "role": "system",
      "content": [
        {
          "text": "Call tool Bob"
        }
      ],
      "usage": {}
    },
    {
      "role": "user",
      "content": [
        {
          "text": "Input 1"
        }
      ],
      "usage": {}
    }
  ]
}`
