`{
  "model": "gpt-4o",
  "messages": [
    {
      "role": "system",
      "content": [
        {
          "text": "\nTool body"
        }
      ],
      "usage": {}
    },
    {
      "role": "user",
      "content": [
        {
          "text": "No, You're stupid!\n ha ha ha\n"
        }
      ],
      "usage": {}
    }
  ],
  "chat": true
}`
