`{
  "model": "gpt-4o",
  "tools": [
    {
      "function": {
        "toolID": "testdata/TestAsterick/other.gpt:afoo",
        "name": "afoo",
        "parameters": {
          "properties": {
            "defaultPromptParameter": {
              "description": "Prompt to send to the tool or assistant. This may be instructions or question.",
              "type": "string"
            }
          },
          "required": [
            "defaultPromptParameter"
          ],
          "type": "object"
        }
      }
    },
    {
      "function": {
        "toolID": "testdata/TestAsterick/other.gpt:a",
        "name": "a",
        "parameters": {
          "properties": {
            "defaultPromptParameter": {
              "description": "Prompt to send to the tool or assistant. This may be instructions or question.",
              "type": "string"
            }
          },
          "required": [
            "defaultPromptParameter"
          ],
          "type": "object"
        }
      }
    }
  ],
  "messages": [
    {
      "role": "system",
      "content": [
        {
          "text": "Ask Bob how he is doing and let me know exactly what he said."
        }
      ],
      "usage": {}
    }
  ]
}`
