`{
  "Model": "gpt-4-turbo-preview",
  "InternalSystemPrompt": null,
  "Tools": [
    {
      "function": {
        "name": "test",
        "parameters": null
      }
    },
    {
      "function": {
        "name": "local",
        "parameters": null
      }
    }
  ],
  "Messages": [
    {
      "role": "system",
      "content": [
        {
          "text": "noop"
        }
      ]
    },
    {
      "role": "assistant",
      "content": [
        {
          "toolCall": {
            "index": 0,
            "id": "call_1",
            "function": {
              "name": "test"
            }
          }
        }
      ]
    },
    {
      "role": "tool",
      "content": [
        {
          "text": "sub\nsub"
        }
      ],
      "toolCall": {
        "index": 0,
        "id": "call_1",
        "function": {
          "name": "test"
        }
      }
    },
    {
      "role": "assistant",
      "content": [
        {
          "toolCall": {
            "index": 1,
            "id": "call_2",
            "function": {
              "name": "local"
            }
          }
        }
      ]
    },
    {
      "role": "tool",
      "content": [
        {
          "text": "/testdata/TestCwd\nthe data"
        }
      ],
      "toolCall": {
        "index": 1,
        "id": "call_2",
        "function": {
          "name": "local"
        }
      }
    }
  ],
  "MaxTokens": 0,
  "Temperature": null,
  "JSONResponse": false,
  "Grammar": "",
  "Cache": null
}`
